// Jest Snapshot v1, https://goo.gl/fbAQLP

exports[`renders correctly 1`] = `
<div
  className="main"
>
  <div
    className="Display"
  >
    0
  </div>
  <div
    className="buttons-div"
  >
    <div
      className="board-row"
    >
      <button
        name="AC"
        onClick={[Function]}
        type="button"
      >
        AC
      </button>
      <button
        name="+/-"
        onClick={[Function]}
        type="button"
      >
        +/-
      </button>
      <button
        name="%"
        onClick={[Function]}
        type="button"
      >
        %
      </button>
      <button
        name="/"
        onClick={[Function]}
        type="button"
      >
        /
      </button>
    </div>
    <div
      className="board-row"
    >
      <button
        name="7"
        onClick={[Function]}
        type="button"
      >
        7
      </button>
      <button
        name="8"
        onClick={[Function]}
        type="button"
      >
        8
      </button>
      <button
        name="9"
        onClick={[Function]}
        type="button"
      >
        9
      </button>
      <button
        name="*"
        onClick={[Function]}
        type="button"
      >
        *
      </button>
    </div>
    <div
      className="board-row"
    >
      <button
        name="4"
        onClick={[Function]}
        type="button"
      >
        4
      </button>
      <button
        name="5"
        onClick={[Function]}
        type="button"
      >
        5
      </button>
      <button
        name="6"
        onClick={[Function]}
        type="button"
      >
        6
      </button>
      <button
        name="-"
        onClick={[Function]}
        type="button"
      >
        -
      </button>
    </div>
    <div
      className="board-row"
    >
      <button
        name="1"
        onClick={[Function]}
        type="button"
      >
        1
      </button>
      <button
        name="2"
        onClick={[Function]}
        type="button"
      >
        2
      </button>
      <button
        name="3"
        onClick={[Function]}
        type="button"
      >
        3
      </button>
      <button
        name="+"
        onClick={[Function]}
        type="button"
      >
        +
      </button>
    </div>
    <div
      className="board-row last"
    >
      <button
        name="0"
        onClick={[Function]}
        type="button"
      >
        0
      </button>
      <button
        name="."
        onClick={[Function]}
        type="button"
      >
        .
      </button>
      <button
        name="="
        onClick={[Function]}
        type="button"
      >
        =
      </button>
    </div>
  </div>
</div>
`;
