// Jest Snapshot v1, https://goo.gl/fbAQLP

exports[`renders correctly 1`] = `
<h2
  className="home"
>
  Welcome to Math magican website
</h2>
`;
