// Jest Snapshot v1, https://goo.gl/fbAQLP

exports[`renders correctly 1`] = `
<div
  className="quote"
>
  <h2>
    <q>
      Pure mathematics is, in its way, the poetry of logical ideas.
    </q>
  </h2>
  <div>
    Albert Einstein
  </div>
</div>
`;
